{
  "data": {
    "addCustomer": {
      "customer": null,
      "errors": [
        {
          "code": "MAX_STRING_LENGTH_EXCEEDED",
          "message": "The Email cannot exceed 128 characters."
        }
      ]
    }
  }
}
