{
  "errors": [
    {
      "message": "The specified value type of field \u0060email\u0060 does not match the field type.",
      "locations": [
        {
          "line": 6,
          "column": 32
        }
      ],
      "path": [
        "updateCustomer"
      ],
      "extensions": {
        "fieldName": "email",
        "fieldType": "EmailAddress",
        "locationType": "EmailAddress",
        "specifiedBy": "http://spec.graphql.org/June2018/#sec-Values-of-Correct-Type"
      }
    }
  ]
}
