{
  "data": {
    "customers": {
      "nodes": [
        {
          "id": 1,
          "name": "John Doe",
          "email": "john.doe@mail.com",
          "isBlocked": false,
          "status": "ACTIVE",
          "code": null
        }
      ]
    }
  }
}
